// Jest Snapshot v1, https://goo.gl/fbAQLP

exports[`CreateCheckbox should match the correct snapshot 1`] = `
ShallowWrapper {
  Symbol(enzyme.__root__): [Circular],
  Symbol(enzyme.__unrendered__): <CreateCheckbox
    checkBoxes={[MockFunction]}
    field="field"
    name="name"
    value={99}
  />,
  Symbol(enzyme.__renderer__): Object {
    "batchedUpdates": [Function],
    "checkPropTypes": [Function],
    "getNode": [Function],
    "render": [Function],
    "simulateError": [Function],
    "simulateEvent": [Function],
    "unmount": [Function],
  },
  Symbol(enzyme.__node__): Object {
    "instance": null,
    "key": undefined,
    "nodeType": "host",
    "props": Object {
      "children": Array [
        <input
          id={99}
          name="field"
          onChange={[MockFunction]}
          type="checkbox"
          value={99}
        />,
        <label
          htmlFor={99}
        >
          name
        </label>,
      ],
      "className": "checkboxes",
    },
    "ref": null,
    "rendered": Array [
      Object {
        "instance": null,
        "key": undefined,
        "nodeType": "host",
        "props": Object {
          "checked": undefined,
          "id": 99,
          "name": "field",
          "onChange": [MockFunction],
          "type": "checkbox",
          "value": 99,
        },
        "ref": null,
        "rendered": null,
        "type": "input",
      },
      Object {
        "instance": null,
        "key": undefined,
        "nodeType": "host",
        "props": Object {
          "children": "name",
          "htmlFor": 99,
        },
        "ref": null,
        "rendered": "name",
        "type": "label",
      },
    ],
    "type": "div",
  },
  Symbol(enzyme.__nodes__): Array [
    Object {
      "instance": null,
      "key": undefined,
      "nodeType": "host",
      "props": Object {
        "children": Array [
          <input
            id={99}
            name="field"
            onChange={[MockFunction]}
            type="checkbox"
            value={99}
          />,
          <label
            htmlFor={99}
          >
            name
          </label>,
        ],
        "className": "checkboxes",
      },
      "ref": null,
      "rendered": Array [
        Object {
          "instance": null,
          "key": undefined,
          "nodeType": "host",
          "props": Object {
            "checked": undefined,
            "id": 99,
            "name": "field",
            "onChange": [MockFunction],
            "type": "checkbox",
            "value": 99,
          },
          "ref": null,
          "rendered": null,
          "type": "input",
        },
        Object {
          "instance": null,
          "key": undefined,
          "nodeType": "host",
          "props": Object {
            "children": "name",
            "htmlFor": 99,
          },
          "ref": null,
          "rendered": "name",
          "type": "label",
        },
      ],
      "type": "div",
    },
  ],
  Symbol(enzyme.__options__): Object {
    "adapter": ReactSixteenAdapter {
      "options": Object {
        "enableComponentDidUpdateOnSetState": true,
        "legacyContextMode": "parent",
        "lifecycles": Object {
          "componentDidUpdate": Object {
            "onSetState": true,
          },
          "getChildContext": Object {
            "calledByRenderer": false,
          },
          "getDerivedStateFromProps": Object {
            "hasShouldComponentUpdateBug": false,
          },
          "getSnapshotBeforeUpdate": true,
          "setState": Object {
            "skipsComponentDidUpdateOnNullish": true,
          },
        },
      },
    },
  },
}
`;
