// Jest Snapshot v1, https://goo.gl/fbAQLP

exports[`UserBackground should match the correct snapshot 1`] = `
ShallowWrapper {
  Symbol(enzyme.__root__): [Circular],
  Symbol(enzyme.__unrendered__): <UserBackground
    updateUserInfo={[MockFunction]}
  />,
  Symbol(enzyme.__renderer__): Object {
    "batchedUpdates": [Function],
    "checkPropTypes": [Function],
    "getNode": [Function],
    "render": [Function],
    "simulateError": [Function],
    "simulateEvent": [Function],
    "unmount": [Function],
  },
  Symbol(enzyme.__node__): Object {
    "instance": null,
    "key": undefined,
    "nodeType": "host",
    "props": Object {
      "children": Array [
        <form
          autoComplete="off"
          onSubmit={[Function]}
        >
          <span
            className="pages"
          >
             Background info:
          </span>
          <textarea
            className="bg-info"
            cols="40"
            name="background"
            onChange={[Function]}
            placeholder="Tell us a bit about yourself"
            rows="18"
            type="text"
            value=""
          />
        </form>,
        <button
          className="prev-btn"
          onClick={[Function]}
        >
          Back
        </button>,
        <button
          className="next-btn"
          onClick={[Function]}
        >
          Next
        </button>,
        <span
          className="pages"
        >
          3 of 
          4
        </span>,
      ],
    },
    "ref": null,
    "rendered": Array [
      Object {
        "instance": null,
        "key": undefined,
        "nodeType": "host",
        "props": Object {
          "autoComplete": "off",
          "children": Array [
            <span
              className="pages"
            >
               Background info:
            </span>,
            <textarea
              className="bg-info"
              cols="40"
              name="background"
              onChange={[Function]}
              placeholder="Tell us a bit about yourself"
              rows="18"
              type="text"
              value=""
            />,
          ],
          "onSubmit": [Function],
        },
        "ref": null,
        "rendered": Array [
          Object {
            "instance": null,
            "key": undefined,
            "nodeType": "host",
            "props": Object {
              "children": Array [
                undefined,
                " Background info:",
              ],
              "className": "pages",
            },
            "ref": null,
            "rendered": Array [
              undefined,
              " Background info:",
            ],
            "type": "span",
          },
          Object {
            "instance": null,
            "key": undefined,
            "nodeType": "host",
            "props": Object {
              "className": "bg-info",
              "cols": "40",
              "name": "background",
              "onChange": [Function],
              "placeholder": "Tell us a bit about yourself",
              "rows": "18",
              "type": "text",
              "value": "",
            },
            "ref": null,
            "rendered": null,
            "type": "textarea",
          },
        ],
        "type": "form",
      },
      Object {
        "instance": null,
        "key": undefined,
        "nodeType": "host",
        "props": Object {
          "children": "Back",
          "className": "prev-btn",
          "onClick": [Function],
        },
        "ref": null,
        "rendered": "Back",
        "type": "button",
      },
      Object {
        "instance": null,
        "key": undefined,
        "nodeType": "host",
        "props": Object {
          "children": "Next",
          "className": "next-btn",
          "onClick": [Function],
        },
        "ref": null,
        "rendered": "Next",
        "type": "button",
      },
      Object {
        "instance": null,
        "key": undefined,
        "nodeType": "host",
        "props": Object {
          "children": Array [
            "3 of ",
            "4",
          ],
          "className": "pages",
        },
        "ref": null,
        "rendered": Array [
          "3 of ",
          "4",
        ],
        "type": "span",
      },
    ],
    "type": "div",
  },
  Symbol(enzyme.__nodes__): Array [
    Object {
      "instance": null,
      "key": undefined,
      "nodeType": "host",
      "props": Object {
        "children": Array [
          <form
            autoComplete="off"
            onSubmit={[Function]}
          >
            <span
              className="pages"
            >
               Background info:
            </span>
            <textarea
              className="bg-info"
              cols="40"
              name="background"
              onChange={[Function]}
              placeholder="Tell us a bit about yourself"
              rows="18"
              type="text"
              value=""
            />
          </form>,
          <button
            className="prev-btn"
            onClick={[Function]}
          >
            Back
          </button>,
          <button
            className="next-btn"
            onClick={[Function]}
          >
            Next
          </button>,
          <span
            className="pages"
          >
            3 of 
            4
          </span>,
        ],
      },
      "ref": null,
      "rendered": Array [
        Object {
          "instance": null,
          "key": undefined,
          "nodeType": "host",
          "props": Object {
            "autoComplete": "off",
            "children": Array [
              <span
                className="pages"
              >
                 Background info:
              </span>,
              <textarea
                className="bg-info"
                cols="40"
                name="background"
                onChange={[Function]}
                placeholder="Tell us a bit about yourself"
                rows="18"
                type="text"
                value=""
              />,
            ],
            "onSubmit": [Function],
          },
          "ref": null,
          "rendered": Array [
            Object {
              "instance": null,
              "key": undefined,
              "nodeType": "host",
              "props": Object {
                "children": Array [
                  undefined,
                  " Background info:",
                ],
                "className": "pages",
              },
              "ref": null,
              "rendered": Array [
                undefined,
                " Background info:",
              ],
              "type": "span",
            },
            Object {
              "instance": null,
              "key": undefined,
              "nodeType": "host",
              "props": Object {
                "className": "bg-info",
                "cols": "40",
                "name": "background",
                "onChange": [Function],
                "placeholder": "Tell us a bit about yourself",
                "rows": "18",
                "type": "text",
                "value": "",
              },
              "ref": null,
              "rendered": null,
              "type": "textarea",
            },
          ],
          "type": "form",
        },
        Object {
          "instance": null,
          "key": undefined,
          "nodeType": "host",
          "props": Object {
            "children": "Back",
            "className": "prev-btn",
            "onClick": [Function],
          },
          "ref": null,
          "rendered": "Back",
          "type": "button",
        },
        Object {
          "instance": null,
          "key": undefined,
          "nodeType": "host",
          "props": Object {
            "children": "Next",
            "className": "next-btn",
            "onClick": [Function],
          },
          "ref": null,
          "rendered": "Next",
          "type": "button",
        },
        Object {
          "instance": null,
          "key": undefined,
          "nodeType": "host",
          "props": Object {
            "children": Array [
              "3 of ",
              "4",
            ],
            "className": "pages",
          },
          "ref": null,
          "rendered": Array [
            "3 of ",
            "4",
          ],
          "type": "span",
        },
      ],
      "type": "div",
    },
  ],
  Symbol(enzyme.__options__): Object {
    "adapter": ReactSixteenAdapter {
      "options": Object {
        "enableComponentDidUpdateOnSetState": true,
        "legacyContextMode": "parent",
        "lifecycles": Object {
          "componentDidUpdate": Object {
            "onSetState": true,
          },
          "getChildContext": Object {
            "calledByRenderer": false,
          },
          "getDerivedStateFromProps": Object {
            "hasShouldComponentUpdateBug": false,
          },
          "getSnapshotBeforeUpdate": true,
          "setState": Object {
            "skipsComponentDidUpdateOnNullish": true,
          },
        },
      },
    },
  },
  Symbol(enzyme.__childContext__): null,
}
`;
