// Jest Snapshot v1, https://goo.gl/fbAQLP

exports[`Nav should match the correct snapshot 1`] = `
ShallowWrapper {
  Symbol(enzyme.__root__): [Circular],
  Symbol(enzyme.__unrendered__): <Nav />,
  Symbol(enzyme.__renderer__): Object {
    "batchedUpdates": [Function],
    "checkPropTypes": [Function],
    "getNode": [Function],
    "render": [Function],
    "simulateError": [Function],
    "simulateEvent": [Function],
    "unmount": [Function],
  },
  Symbol(enzyme.__node__): Object {
    "instance": null,
    "key": undefined,
    "nodeType": "host",
    "props": Object {
      "children": Array [
        <div
          className="logo-container"
        >
          <Link
            to="/"
          >
            <img
              alt="turing logo"
              className="logo"
              src="t-logo.png"
            />
          </Link>
        </div>,
        <div>
          <Collapsible
            className=""
            classParentString="Collapsible"
            contentContainerTagName="div"
            contentInnerClassName=""
            contentOuterClassName=""
            easing="linear"
            lazyRender={false}
            onClose={[Function]}
            onClosing={[Function]}
            onOpen={[Function]}
            onOpening={[Function]}
            open={false}
            openedClassName=""
            overflowWhenOpen="hidden"
            tabIndex={null}
            transitionCloseTime={null}
            transitionTime={150}
            trigger={
              <i
                className="fas fa-bars"
              />
            }
            triggerClassName=""
            triggerDisabled={false}
            triggerOpenedClassName=""
            triggerSibling={null}
            triggerStyle={null}
            triggerTagName="span"
          >
            <NavLink
              activeStyle={
                Object {
                  "color": "#12f1fc",
                }
              }
              exact={true}
              to="/"
            >
              Home
            </NavLink>
            <NavLink
              activeStyle={
                Object {
                  "color": "#12f1fc",
                }
              }
              to="/about"
            >
              About
            </NavLink>
            <NavLink
              activeStyle={
                Object {
                  "color": "#12f1fc",
                }
              }
              to="/contact"
            >
              Contact Us
            </NavLink>
            <NavLink
              activeStyle={
                Object {
                  "color": "#12f1fc",
                }
              }
              to="/contribute"
            >
              Contribute
            </NavLink>
            <NavLink
              activeStyle={
                Object {
                  "color": "#12f1fc",
                }
              }
              to="/profile"
            >
              Profile
            </NavLink>
          </Collapsible>
        </div>,
        <div
          className="links"
        >
          <NavLink
            activeStyle={
              Object {
                "color": "#12f1fc",
              }
            }
            exact={true}
            to="/"
          >
            Home
          </NavLink>
          <NavLink
            activeStyle={
              Object {
                "color": "#12f1fc",
              }
            }
            to="/about"
          >
            About
          </NavLink>
          <NavLink
            activeStyle={
              Object {
                "color": "#12f1fc",
              }
            }
            to="/contact"
          >
            Contact Us
          </NavLink>
          <NavLink
            activeStyle={
              Object {
                "color": "#12f1fc",
              }
            }
            to="/contribute"
          >
            Contribute
          </NavLink>
          <NavLink
            activeStyle={
              Object {
                "color": "#12f1fc",
              }
            }
            to="/profile"
          >
            Profile
          </NavLink>
        </div>,
      ],
      "className": "nav",
    },
    "ref": null,
    "rendered": Array [
      Object {
        "instance": null,
        "key": undefined,
        "nodeType": "host",
        "props": Object {
          "children": <Link
            to="/"
          >
            <img
              alt="turing logo"
              className="logo"
              src="t-logo.png"
            />
          </Link>,
          "className": "logo-container",
        },
        "ref": null,
        "rendered": Object {
          "instance": null,
          "key": undefined,
          "nodeType": "class",
          "props": Object {
            "children": <img
              alt="turing logo"
              className="logo"
              src="t-logo.png"
            />,
            "to": "/",
          },
          "ref": null,
          "rendered": Object {
            "instance": null,
            "key": undefined,
            "nodeType": "host",
            "props": Object {
              "alt": "turing logo",
              "className": "logo",
              "src": "t-logo.png",
            },
            "ref": null,
            "rendered": null,
            "type": "img",
          },
          "type": [Function],
        },
        "type": "div",
      },
      Object {
        "instance": null,
        "key": undefined,
        "nodeType": "host",
        "props": Object {
          "children": <Collapsible
            className=""
            classParentString="Collapsible"
            contentContainerTagName="div"
            contentInnerClassName=""
            contentOuterClassName=""
            easing="linear"
            lazyRender={false}
            onClose={[Function]}
            onClosing={[Function]}
            onOpen={[Function]}
            onOpening={[Function]}
            open={false}
            openedClassName=""
            overflowWhenOpen="hidden"
            tabIndex={null}
            transitionCloseTime={null}
            transitionTime={150}
            trigger={
              <i
                className="fas fa-bars"
              />
            }
            triggerClassName=""
            triggerDisabled={false}
            triggerOpenedClassName=""
            triggerSibling={null}
            triggerStyle={null}
            triggerTagName="span"
          >
            <NavLink
              activeStyle={
                Object {
                  "color": "#12f1fc",
                }
              }
              exact={true}
              to="/"
            >
              Home
            </NavLink>
            <NavLink
              activeStyle={
                Object {
                  "color": "#12f1fc",
                }
              }
              to="/about"
            >
              About
            </NavLink>
            <NavLink
              activeStyle={
                Object {
                  "color": "#12f1fc",
                }
              }
              to="/contact"
            >
              Contact Us
            </NavLink>
            <NavLink
              activeStyle={
                Object {
                  "color": "#12f1fc",
                }
              }
              to="/contribute"
            >
              Contribute
            </NavLink>
            <NavLink
              activeStyle={
                Object {
                  "color": "#12f1fc",
                }
              }
              to="/profile"
            >
              Profile
            </NavLink>
          </Collapsible>,
        },
        "ref": null,
        "rendered": Object {
          "instance": null,
          "key": undefined,
          "nodeType": "class",
          "props": Object {
            "children": Array [
              <NavLink
                activeStyle={
                  Object {
                    "color": "#12f1fc",
                  }
                }
                exact={true}
                to="/"
              >
                Home
              </NavLink>,
              <NavLink
                activeStyle={
                  Object {
                    "color": "#12f1fc",
                  }
                }
                to="/about"
              >
                About
              </NavLink>,
              <NavLink
                activeStyle={
                  Object {
                    "color": "#12f1fc",
                  }
                }
                to="/contact"
              >
                Contact Us
              </NavLink>,
              <NavLink
                activeStyle={
                  Object {
                    "color": "#12f1fc",
                  }
                }
                to="/contribute"
              >
                Contribute
              </NavLink>,
              <NavLink
                activeStyle={
                  Object {
                    "color": "#12f1fc",
                  }
                }
                to="/profile"
              >
                Profile
              </NavLink>,
            ],
            "className": "",
            "classParentString": "Collapsible",
            "contentContainerTagName": "div",
            "contentInnerClassName": "",
            "contentOuterClassName": "",
            "easing": "linear",
            "lazyRender": false,
            "onClose": [Function],
            "onClosing": [Function],
            "onOpen": [Function],
            "onOpening": [Function],
            "open": false,
            "openedClassName": "",
            "overflowWhenOpen": "hidden",
            "tabIndex": null,
            "transitionCloseTime": null,
            "transitionTime": 150,
            "trigger": <i
              className="fas fa-bars"
            />,
            "triggerClassName": "",
            "triggerDisabled": false,
            "triggerOpenedClassName": "",
            "triggerSibling": null,
            "triggerStyle": null,
            "triggerTagName": "span",
          },
          "ref": null,
          "rendered": Array [
            Object {
              "instance": null,
              "key": undefined,
              "nodeType": "function",
              "props": Object {
                "activeStyle": Object {
                  "color": "#12f1fc",
                },
                "children": "Home",
                "exact": true,
                "to": "/",
              },
              "ref": null,
              "rendered": "Home",
              "type": [Function],
            },
            Object {
              "instance": null,
              "key": undefined,
              "nodeType": "function",
              "props": Object {
                "activeStyle": Object {
                  "color": "#12f1fc",
                },
                "children": "About",
                "to": "/about",
              },
              "ref": null,
              "rendered": "About",
              "type": [Function],
            },
            Object {
              "instance": null,
              "key": undefined,
              "nodeType": "function",
              "props": Object {
                "activeStyle": Object {
                  "color": "#12f1fc",
                },
                "children": "Contact Us",
                "to": "/contact",
              },
              "ref": null,
              "rendered": "Contact Us",
              "type": [Function],
            },
            Object {
              "instance": null,
              "key": undefined,
              "nodeType": "function",
              "props": Object {
                "activeStyle": Object {
                  "color": "#12f1fc",
                },
                "children": "Contribute",
                "to": "/contribute",
              },
              "ref": null,
              "rendered": "Contribute",
              "type": [Function],
            },
            Object {
              "instance": null,
              "key": undefined,
              "nodeType": "function",
              "props": Object {
                "activeStyle": Object {
                  "color": "#12f1fc",
                },
                "children": "Profile",
                "to": "/profile",
              },
              "ref": null,
              "rendered": "Profile",
              "type": [Function],
            },
          ],
          "type": [Function],
        },
        "type": "div",
      },
      Object {
        "instance": null,
        "key": undefined,
        "nodeType": "host",
        "props": Object {
          "children": Array [
            <NavLink
              activeStyle={
                Object {
                  "color": "#12f1fc",
                }
              }
              exact={true}
              to="/"
            >
              Home
            </NavLink>,
            <NavLink
              activeStyle={
                Object {
                  "color": "#12f1fc",
                }
              }
              to="/about"
            >
              About
            </NavLink>,
            <NavLink
              activeStyle={
                Object {
                  "color": "#12f1fc",
                }
              }
              to="/contact"
            >
              Contact Us
            </NavLink>,
            <NavLink
              activeStyle={
                Object {
                  "color": "#12f1fc",
                }
              }
              to="/contribute"
            >
              Contribute
            </NavLink>,
            <NavLink
              activeStyle={
                Object {
                  "color": "#12f1fc",
                }
              }
              to="/profile"
            >
              Profile
            </NavLink>,
          ],
          "className": "links",
        },
        "ref": null,
        "rendered": Array [
          Object {
            "instance": null,
            "key": undefined,
            "nodeType": "function",
            "props": Object {
              "activeStyle": Object {
                "color": "#12f1fc",
              },
              "children": "Home",
              "exact": true,
              "to": "/",
            },
            "ref": null,
            "rendered": "Home",
            "type": [Function],
          },
          Object {
            "instance": null,
            "key": undefined,
            "nodeType": "function",
            "props": Object {
              "activeStyle": Object {
                "color": "#12f1fc",
              },
              "children": "About",
              "to": "/about",
            },
            "ref": null,
            "rendered": "About",
            "type": [Function],
          },
          Object {
            "instance": null,
            "key": undefined,
            "nodeType": "function",
            "props": Object {
              "activeStyle": Object {
                "color": "#12f1fc",
              },
              "children": "Contact Us",
              "to": "/contact",
            },
            "ref": null,
            "rendered": "Contact Us",
            "type": [Function],
          },
          Object {
            "instance": null,
            "key": undefined,
            "nodeType": "function",
            "props": Object {
              "activeStyle": Object {
                "color": "#12f1fc",
              },
              "children": "Contribute",
              "to": "/contribute",
            },
            "ref": null,
            "rendered": "Contribute",
            "type": [Function],
          },
          Object {
            "instance": null,
            "key": undefined,
            "nodeType": "function",
            "props": Object {
              "activeStyle": Object {
                "color": "#12f1fc",
              },
              "children": "Profile",
              "to": "/profile",
            },
            "ref": null,
            "rendered": "Profile",
            "type": [Function],
          },
        ],
        "type": "div",
      },
    ],
    "type": "nav",
  },
  Symbol(enzyme.__nodes__): Array [
    Object {
      "instance": null,
      "key": undefined,
      "nodeType": "host",
      "props": Object {
        "children": Array [
          <div
            className="logo-container"
          >
            <Link
              to="/"
            >
              <img
                alt="turing logo"
                className="logo"
                src="t-logo.png"
              />
            </Link>
          </div>,
          <div>
            <Collapsible
              className=""
              classParentString="Collapsible"
              contentContainerTagName="div"
              contentInnerClassName=""
              contentOuterClassName=""
              easing="linear"
              lazyRender={false}
              onClose={[Function]}
              onClosing={[Function]}
              onOpen={[Function]}
              onOpening={[Function]}
              open={false}
              openedClassName=""
              overflowWhenOpen="hidden"
              tabIndex={null}
              transitionCloseTime={null}
              transitionTime={150}
              trigger={
                <i
                  className="fas fa-bars"
                />
              }
              triggerClassName=""
              triggerDisabled={false}
              triggerOpenedClassName=""
              triggerSibling={null}
              triggerStyle={null}
              triggerTagName="span"
            >
              <NavLink
                activeStyle={
                  Object {
                    "color": "#12f1fc",
                  }
                }
                exact={true}
                to="/"
              >
                Home
              </NavLink>
              <NavLink
                activeStyle={
                  Object {
                    "color": "#12f1fc",
                  }
                }
                to="/about"
              >
                About
              </NavLink>
              <NavLink
                activeStyle={
                  Object {
                    "color": "#12f1fc",
                  }
                }
                to="/contact"
              >
                Contact Us
              </NavLink>
              <NavLink
                activeStyle={
                  Object {
                    "color": "#12f1fc",
                  }
                }
                to="/contribute"
              >
                Contribute
              </NavLink>
              <NavLink
                activeStyle={
                  Object {
                    "color": "#12f1fc",
                  }
                }
                to="/profile"
              >
                Profile
              </NavLink>
            </Collapsible>
          </div>,
          <div
            className="links"
          >
            <NavLink
              activeStyle={
                Object {
                  "color": "#12f1fc",
                }
              }
              exact={true}
              to="/"
            >
              Home
            </NavLink>
            <NavLink
              activeStyle={
                Object {
                  "color": "#12f1fc",
                }
              }
              to="/about"
            >
              About
            </NavLink>
            <NavLink
              activeStyle={
                Object {
                  "color": "#12f1fc",
                }
              }
              to="/contact"
            >
              Contact Us
            </NavLink>
            <NavLink
              activeStyle={
                Object {
                  "color": "#12f1fc",
                }
              }
              to="/contribute"
            >
              Contribute
            </NavLink>
            <NavLink
              activeStyle={
                Object {
                  "color": "#12f1fc",
                }
              }
              to="/profile"
            >
              Profile
            </NavLink>
          </div>,
        ],
        "className": "nav",
      },
      "ref": null,
      "rendered": Array [
        Object {
          "instance": null,
          "key": undefined,
          "nodeType": "host",
          "props": Object {
            "children": <Link
              to="/"
            >
              <img
                alt="turing logo"
                className="logo"
                src="t-logo.png"
              />
            </Link>,
            "className": "logo-container",
          },
          "ref": null,
          "rendered": Object {
            "instance": null,
            "key": undefined,
            "nodeType": "class",
            "props": Object {
              "children": <img
                alt="turing logo"
                className="logo"
                src="t-logo.png"
              />,
              "to": "/",
            },
            "ref": null,
            "rendered": Object {
              "instance": null,
              "key": undefined,
              "nodeType": "host",
              "props": Object {
                "alt": "turing logo",
                "className": "logo",
                "src": "t-logo.png",
              },
              "ref": null,
              "rendered": null,
              "type": "img",
            },
            "type": [Function],
          },
          "type": "div",
        },
        Object {
          "instance": null,
          "key": undefined,
          "nodeType": "host",
          "props": Object {
            "children": <Collapsible
              className=""
              classParentString="Collapsible"
              contentContainerTagName="div"
              contentInnerClassName=""
              contentOuterClassName=""
              easing="linear"
              lazyRender={false}
              onClose={[Function]}
              onClosing={[Function]}
              onOpen={[Function]}
              onOpening={[Function]}
              open={false}
              openedClassName=""
              overflowWhenOpen="hidden"
              tabIndex={null}
              transitionCloseTime={null}
              transitionTime={150}
              trigger={
                <i
                  className="fas fa-bars"
                />
              }
              triggerClassName=""
              triggerDisabled={false}
              triggerOpenedClassName=""
              triggerSibling={null}
              triggerStyle={null}
              triggerTagName="span"
            >
              <NavLink
                activeStyle={
                  Object {
                    "color": "#12f1fc",
                  }
                }
                exact={true}
                to="/"
              >
                Home
              </NavLink>
              <NavLink
                activeStyle={
                  Object {
                    "color": "#12f1fc",
                  }
                }
                to="/about"
              >
                About
              </NavLink>
              <NavLink
                activeStyle={
                  Object {
                    "color": "#12f1fc",
                  }
                }
                to="/contact"
              >
                Contact Us
              </NavLink>
              <NavLink
                activeStyle={
                  Object {
                    "color": "#12f1fc",
                  }
                }
                to="/contribute"
              >
                Contribute
              </NavLink>
              <NavLink
                activeStyle={
                  Object {
                    "color": "#12f1fc",
                  }
                }
                to="/profile"
              >
                Profile
              </NavLink>
            </Collapsible>,
          },
          "ref": null,
          "rendered": Object {
            "instance": null,
            "key": undefined,
            "nodeType": "class",
            "props": Object {
              "children": Array [
                <NavLink
                  activeStyle={
                    Object {
                      "color": "#12f1fc",
                    }
                  }
                  exact={true}
                  to="/"
                >
                  Home
                </NavLink>,
                <NavLink
                  activeStyle={
                    Object {
                      "color": "#12f1fc",
                    }
                  }
                  to="/about"
                >
                  About
                </NavLink>,
                <NavLink
                  activeStyle={
                    Object {
                      "color": "#12f1fc",
                    }
                  }
                  to="/contact"
                >
                  Contact Us
                </NavLink>,
                <NavLink
                  activeStyle={
                    Object {
                      "color": "#12f1fc",
                    }
                  }
                  to="/contribute"
                >
                  Contribute
                </NavLink>,
                <NavLink
                  activeStyle={
                    Object {
                      "color": "#12f1fc",
                    }
                  }
                  to="/profile"
                >
                  Profile
                </NavLink>,
              ],
              "className": "",
              "classParentString": "Collapsible",
              "contentContainerTagName": "div",
              "contentInnerClassName": "",
              "contentOuterClassName": "",
              "easing": "linear",
              "lazyRender": false,
              "onClose": [Function],
              "onClosing": [Function],
              "onOpen": [Function],
              "onOpening": [Function],
              "open": false,
              "openedClassName": "",
              "overflowWhenOpen": "hidden",
              "tabIndex": null,
              "transitionCloseTime": null,
              "transitionTime": 150,
              "trigger": <i
                className="fas fa-bars"
              />,
              "triggerClassName": "",
              "triggerDisabled": false,
              "triggerOpenedClassName": "",
              "triggerSibling": null,
              "triggerStyle": null,
              "triggerTagName": "span",
            },
            "ref": null,
            "rendered": Array [
              Object {
                "instance": null,
                "key": undefined,
                "nodeType": "function",
                "props": Object {
                  "activeStyle": Object {
                    "color": "#12f1fc",
                  },
                  "children": "Home",
                  "exact": true,
                  "to": "/",
                },
                "ref": null,
                "rendered": "Home",
                "type": [Function],
              },
              Object {
                "instance": null,
                "key": undefined,
                "nodeType": "function",
                "props": Object {
                  "activeStyle": Object {
                    "color": "#12f1fc",
                  },
                  "children": "About",
                  "to": "/about",
                },
                "ref": null,
                "rendered": "About",
                "type": [Function],
              },
              Object {
                "instance": null,
                "key": undefined,
                "nodeType": "function",
                "props": Object {
                  "activeStyle": Object {
                    "color": "#12f1fc",
                  },
                  "children": "Contact Us",
                  "to": "/contact",
                },
                "ref": null,
                "rendered": "Contact Us",
                "type": [Function],
              },
              Object {
                "instance": null,
                "key": undefined,
                "nodeType": "function",
                "props": Object {
                  "activeStyle": Object {
                    "color": "#12f1fc",
                  },
                  "children": "Contribute",
                  "to": "/contribute",
                },
                "ref": null,
                "rendered": "Contribute",
                "type": [Function],
              },
              Object {
                "instance": null,
                "key": undefined,
                "nodeType": "function",
                "props": Object {
                  "activeStyle": Object {
                    "color": "#12f1fc",
                  },
                  "children": "Profile",
                  "to": "/profile",
                },
                "ref": null,
                "rendered": "Profile",
                "type": [Function],
              },
            ],
            "type": [Function],
          },
          "type": "div",
        },
        Object {
          "instance": null,
          "key": undefined,
          "nodeType": "host",
          "props": Object {
            "children": Array [
              <NavLink
                activeStyle={
                  Object {
                    "color": "#12f1fc",
                  }
                }
                exact={true}
                to="/"
              >
                Home
              </NavLink>,
              <NavLink
                activeStyle={
                  Object {
                    "color": "#12f1fc",
                  }
                }
                to="/about"
              >
                About
              </NavLink>,
              <NavLink
                activeStyle={
                  Object {
                    "color": "#12f1fc",
                  }
                }
                to="/contact"
              >
                Contact Us
              </NavLink>,
              <NavLink
                activeStyle={
                  Object {
                    "color": "#12f1fc",
                  }
                }
                to="/contribute"
              >
                Contribute
              </NavLink>,
              <NavLink
                activeStyle={
                  Object {
                    "color": "#12f1fc",
                  }
                }
                to="/profile"
              >
                Profile
              </NavLink>,
            ],
            "className": "links",
          },
          "ref": null,
          "rendered": Array [
            Object {
              "instance": null,
              "key": undefined,
              "nodeType": "function",
              "props": Object {
                "activeStyle": Object {
                  "color": "#12f1fc",
                },
                "children": "Home",
                "exact": true,
                "to": "/",
              },
              "ref": null,
              "rendered": "Home",
              "type": [Function],
            },
            Object {
              "instance": null,
              "key": undefined,
              "nodeType": "function",
              "props": Object {
                "activeStyle": Object {
                  "color": "#12f1fc",
                },
                "children": "About",
                "to": "/about",
              },
              "ref": null,
              "rendered": "About",
              "type": [Function],
            },
            Object {
              "instance": null,
              "key": undefined,
              "nodeType": "function",
              "props": Object {
                "activeStyle": Object {
                  "color": "#12f1fc",
                },
                "children": "Contact Us",
                "to": "/contact",
              },
              "ref": null,
              "rendered": "Contact Us",
              "type": [Function],
            },
            Object {
              "instance": null,
              "key": undefined,
              "nodeType": "function",
              "props": Object {
                "activeStyle": Object {
                  "color": "#12f1fc",
                },
                "children": "Contribute",
                "to": "/contribute",
              },
              "ref": null,
              "rendered": "Contribute",
              "type": [Function],
            },
            Object {
              "instance": null,
              "key": undefined,
              "nodeType": "function",
              "props": Object {
                "activeStyle": Object {
                  "color": "#12f1fc",
                },
                "children": "Profile",
                "to": "/profile",
              },
              "ref": null,
              "rendered": "Profile",
              "type": [Function],
            },
          ],
          "type": "div",
        },
      ],
      "type": "nav",
    },
  ],
  Symbol(enzyme.__options__): Object {
    "adapter": ReactSixteenAdapter {
      "options": Object {
        "enableComponentDidUpdateOnSetState": true,
        "legacyContextMode": "parent",
        "lifecycles": Object {
          "componentDidUpdate": Object {
            "onSetState": true,
          },
          "getChildContext": Object {
            "calledByRenderer": false,
          },
          "getDerivedStateFromProps": Object {
            "hasShouldComponentUpdateBug": false,
          },
          "getSnapshotBeforeUpdate": true,
          "setState": Object {
            "skipsComponentDidUpdateOnNullish": true,
          },
        },
      },
    },
  },
}
`;
